
>>> add_integer = __import__('0-add_integer').add_integer
>>> add_integer(1, 2)
3
>>> add_integer(100.3, 2)
102

>>> add_integer(4, "School")
Traceback (most recent call last):
    ...
TypeError: b must be an integer

>>> add_integer(100, -2)
98

>>> add_integer("Holberton", "School")
Traceback (most recent call last):
    ...
TypeError: a must be an integer


>>> add_integer(2.9, 5.8)
7
>>> add_integer(float('nan'), 20)
Traceback (most recent call last):
...
ValueError: cannot convert float NaN to integer
>>> add_integer()
Traceback (most recent call last):
...
TypeError: add_integer() missing 1 required positional argument: 'a'
